---
source: crates/lunalint-core/tests/lua_test.rs
---
Error: Unicode name `Česká` (unicode-name)
    ╭─[tests/lua/lowercase-global.lua:25:1]
    │
 25 │ Česká = "czech"
    │ ───┬───  
    │    ╰───── Only ASCII characters are allowed
    │ 
    │ Help: for further information visit https://luals.github.io/wiki/syntax-errors/#unicode-name
────╯
Error: Unicode name `večer` (unicode-name)
    ╭─[tests/lua/lowercase-global.lua:27:3]
    │
 27 │ večer = 1
    │   ───┬──  
    │      ╰──── Only ASCII characters are allowed
    │ 
    │ Help: for further information visit https://luals.github.io/wiki/syntax-errors/#unicode-name
────╯
Error: Global variable `bar` starts with a lowercase letter (lowercase-global)
    ╭─[tests/lua/lowercase-global.lua:15:1]
    │
 15 │ bar = { i = 1 }
    │ ─┬─  
    │  ╰─── Global variables should start with an uppercase letter
    │ 
    │ Help: for further information visit https://luals.github.io/wiki/diagnostics/#lowercase-global
────╯
Error: Global variable `kSomeConstant` starts with a lowercase letter (lowercase-global)
    ╭─[tests/lua/lowercase-global.lua:22:1]
    │
 22 │ kSomeConstant = 1
    │ ──────┬──────  
    │       ╰──────── Global variables should start with an uppercase letter
    │ 
    │ Help: for further information visit https://luals.github.io/wiki/diagnostics/#lowercase-global
────╯
Error: Global variable `večer` starts with a lowercase letter (lowercase-global)
    ╭─[tests/lua/lowercase-global.lua:27:3]
    │
 27 │ večer = 1
    │   ───┬──  
    │      ╰──── Global variables should start with an uppercase letter
    │ 
    │ Help: for further information visit https://luals.github.io/wiki/diagnostics/#lowercase-global
────╯
