---
source: crates/lunalint-core/tests/lua_test.rs
---
Error: Undefined global `FOO_BAR2` (undefined-global)
   ╭─[tests/lua/undefined-global.lua:4:6]
   │
 4 │ NG = FOO_BAR2
   │      ────┬───  
   │          ╰───── Did you mean `FOO_BAR`?
   │ 
   │ Help: for further information visit https://luals.github.io/wiki/diagnostics/#undefined-global
───╯
